loading shard_w00_0000.npz
loading shard_w01_0000.npz
loading shard_w02_0000.npz
loading shard_w03_0000.npz
loading shard_w04_0000.npz
loading shard_w05_0000.npz
loading shard_w06_0000.npz
loading shard_w07_0000.npz
loading shard_w08_0000.npz
loading shard_w09_0000.npz
loading shard_w00_0000.npz
loading shard_w01_0000.npz
loading shard_w02_0000.npz
loading shard_w03_0000.npz
loading shard_w04_0000.npz
loading shard_w05_0000.npz
loading shard_w06_0000.npz
loading shard_w07_0000.npz
loading shard_w08_0000.npz
loading shard_w09_0000.npz
loading shard_w10_0000.npz
loading shard_w11_0000.npz
train 51996, val 5250
warm-start from v3 checkpoints/osv3o_plan1.pt (n_state_ids=20, option_dim=94)
init val_acc 0.773  plan_acc 0.833
epoch 0: train_loss 1.364  val_acc 0.781  plan_acc 0.835
epoch 1: train_loss 1.307  val_acc 0.779  plan_acc 0.834
epoch 2: train_loss 1.268  val_acc 0.775  plan_acc 0.831
epoch 3: train_loss 1.237  val_acc 0.778  plan_acc 0.832
epoch 4: train_loss 1.212  val_acc 0.779  plan_acc 0.838
