loading shard_w00_0000.npz
loading shard_w01_0000.npz
loading shard_w02_0000.npz
loading shard_w03_0000.npz
loading shard_w04_0000.npz
loading shard_w05_0000.npz
loading shard_w06_0000.npz
loading shard_w07_0000.npz
loading shard_w08_0000.npz
loading shard_w09_0000.npz
loading shard_w00_0000.npz
loading shard_w01_0000.npz
loading shard_w02_0000.npz
loading shard_w03_0000.npz
loading shard_w04_0000.npz
loading shard_w05_0000.npz
loading shard_w06_0000.npz
loading shard_w07_0000.npz
loading shard_w08_0000.npz
loading shard_w09_0000.npz
loading shard_w10_0000.npz
loading shard_w11_0000.npz
loading shard_w00_0000.npz
loading shard_w01_0000.npz
loading shard_w02_0000.npz
loading shard_w03_0000.npz
loading shard_w04_0000.npz
loading shard_w05_0000.npz
loading shard_w06_0000.npz
loading shard_w07_0000.npz
loading shard_w08_0000.npz
loading shard_w09_0000.npz
loading shard_w10_0000.npz
loading shard_w11_0000.npz
train 74644, val 9148
warm-start from v3 checkpoints/osv3o_plan5.pt (n_state_ids=20, option_dim=94)
init val_acc 0.767  plan_acc 0.833
epoch 0: train_loss 1.264  val_acc 0.769  plan_acc 0.834
epoch 1: train_loss 1.217  val_acc 0.766  plan_acc 0.835
epoch 2: train_loss 1.189  val_acc 0.769  plan_acc 0.841
epoch 3: train_loss 1.164  val_acc 0.769  plan_acc 0.842
epoch 4: train_loss 1.138  val_acc 0.767  plan_acc 0.843
