loading shard_w00_0000.npz
loading shard_w01_0000.npz
loading shard_w02_0000.npz
loading shard_w03_0000.npz
loading shard_w04_0000.npz
loading shard_w05_0000.npz
loading shard_w06_0000.npz
loading shard_w07_0000.npz
loading shard_w08_0000.npz
loading shard_w09_0000.npz
loading shard_w00_0000.npz
loading shard_w01_0000.npz
loading shard_w02_0000.npz
loading shard_w03_0000.npz
loading shard_w04_0000.npz
loading shard_w05_0000.npz
loading shard_w06_0000.npz
loading shard_w07_0000.npz
loading shard_w08_0000.npz
loading shard_w09_0000.npz
loading shard_w10_0000.npz
loading shard_w11_0000.npz
loading shard_w00_0000.npz
loading shard_w01_0000.npz
loading shard_w02_0000.npz
loading shard_w03_0000.npz
loading shard_w04_0000.npz
loading shard_w05_0000.npz
loading shard_w06_0000.npz
loading shard_w07_0000.npz
loading shard_w08_0000.npz
loading shard_w09_0000.npz
loading shard_w10_0000.npz
loading shard_w11_0000.npz
train 74644, val 9148
warm-start from v3 checkpoints/osv3o_plan5.pt (n_state_ids=20, option_dim=94)
init val_acc 0.767  plan_acc 0.833
epoch 0: train_loss 1.266  val_acc 0.752  plan_acc 0.831
epoch 1: train_loss 1.214  val_acc 0.762  plan_acc 0.837
epoch 2: train_loss 1.182  val_acc 0.767  plan_acc 0.837
epoch 3: train_loss 1.152  val_acc 0.763  plan_acc 0.834
epoch 4: train_loss 1.129  val_acc 0.766  plan_acc 0.837
